
Efinity Interface Designer Timing Report
Version: 2022.1.226
Date: 2022-12-14 00:38

Copyright (C) 2017 - 2022 Efinix Inc. All rights reserved.

Device: T35F400
Project: T35_ADDR_LINES_W_Z80_2
Timing Model: C4 (final)

---------- 1. PLL Timing Report (begin) ----------

+-----------+-------------+-----------------------+
|   Clock   | Period (ns) | Phase Shift (degrees) |
+-----------+-------------+-----------------------+
| pll0_2MHz |   500.0000  |           0           |
+-----------+-------------+-----------------------+

---------- PLL Timing Report (end) ----------

---------- 2. GPIO Timing Report (begin) ----------

Non-registered GPIO Configuration:
===================================

+----------------+----------------+-----------+----------+----------+
| Instance Name  |    Pin Name    | Parameter | Max (ns) | Min (ns) |
+----------------+----------------+-----------+----------+----------+
|    clockIn     |    clockIn     |  GPIO_IN  |  1.476   |  0.738   |
|    s100_rdy    |    s100_rdy    |  GPIO_IN  |  1.636   |  0.818   |
|   s100_xrdy    |   s100_xrdy    |  GPIO_IN  |  1.796   |  0.898   |
|  F_bus_ctl_oe  |  F_bus_ctl_oe  |  GPIO_OUT |  3.909   |  1.955   |
|  s100_PHANTOM  |  s100_PHANTOM  |  GPIO_OUT |  4.229   |  2.115   |
|   s100_sMWRT   |   s100_sMWRT   |  GPIO_OUT |  3.909   |  1.955   |
| S100adr0_15[0] | S100adr0_15[0] |  GPIO_OUT |  3.659   |  1.829   |
| S100adr0_15[1] | S100adr0_15[1] |  GPIO_OUT |  3.659   |  1.829   |
| S100adr0_15[2] | S100adr0_15[2] |  GPIO_OUT |  3.659   |  1.829   |
| S100adr0_15[3] | S100adr0_15[3] |  GPIO_OUT |  3.659   |  1.829   |
| S100adr0_15[4] | S100adr0_15[4] |  GPIO_OUT |  3.659   |  1.829   |
|   SBCLEDs[0]   |   SBCLEDs[0]   |  GPIO_OUT |  3.829   |  1.915   |
|   SBCLEDs[1]   |   SBCLEDs[1]   |  GPIO_OUT |  3.829   |  1.915   |
|   SBCLEDs[2]   |   SBCLEDs[2]   |  GPIO_OUT |  3.829   |  1.915   |
|   SBCLEDs[3]   |   SBCLEDs[3]   |  GPIO_OUT |  3.829   |  1.915   |
|   SBCLEDs[4]   |   SBCLEDs[4]   |  GPIO_OUT |  3.909   |  1.955   |
|   SBCLEDs[5]   |   SBCLEDs[5]   |  GPIO_OUT |  3.909   |  1.955   |
|   SBCLEDs[6]   |   SBCLEDs[6]   |  GPIO_OUT |  3.909   |  1.955   |
|   SBCLEDs[7]   |   SBCLEDs[7]   |  GPIO_OUT |  3.829   |  1.915   |
|    seg7[0]     |    seg7[0]     |  GPIO_OUT |  3.566   |  1.783   |
|    seg7[1]     |    seg7[1]     |  GPIO_OUT |  3.566   |  1.783   |
|    seg7[2]     |    seg7[2]     |  GPIO_OUT |  3.566   |  1.783   |
|    seg7[3]     |    seg7[3]     |  GPIO_OUT |  3.566   |  1.783   |
|    seg7[4]     |    seg7[4]     |  GPIO_OUT |  3.566   |  1.783   |
|    seg7[5]     |    seg7[5]     |  GPIO_OUT |  3.566   |  1.783   |
|    seg7[6]     |    seg7[6]     |  GPIO_OUT |  3.566   |  1.783   |
|    seg7_dp     |    seg7_dp     |  GPIO_OUT |  3.566   |  1.783   |
+----------------+----------------+-----------+----------+----------+

---------- GPIO Timing Report (end) ----------

---------- 3. LVDS Rx Timing Report (begin) ----------

Non-registered LVDS GPIO Configuration:
========================================

+---------------+-------------+-----------+----------+----------+
| Instance Name |   Pin Name  | Parameter | Max (ns) | Min (ns) |
+---------------+-------------+-----------+----------+----------+
|  sw1_reset_n  | sw1_reset_n |  GPIO_IN  |  1.714   |  0.857   |
|  boardActive  | boardActive |  GPIO_OUT |  2.400   |  1.200   |
|   s100_clock  |  s100_clock |  GPIO_OUT |  3.542   |  1.771   |
|   s100_MEMR   |  s100_MEMR  |  GPIO_OUT |  3.542   |  1.771   |
|   s100_n_pWR  |  s100_n_pWR |  GPIO_OUT |  3.542   |  1.771   |
|   s100_n_sWO  |  s100_n_sWO |  GPIO_OUT |  3.542   |  1.771   |
|   s100_pDBIN  |  s100_pDBIN |  GPIO_OUT |  3.542   |  1.771   |
|    s100_PHI   |   s100_PHI  |  GPIO_OUT |  3.542   |  1.771   |
|   s100_pHLDA  |  s100_pHLDA |  GPIO_OUT |  3.542   |  1.771   |
|  s100_pSTVAL  | s100_pSTVAL |  GPIO_OUT |  3.542   |  1.771   |
|   s100_pSYNC  |  s100_pSYNC |  GPIO_OUT |  3.542   |  1.771   |
|   s100_sHLTA  |  s100_sHLTA |  GPIO_OUT |  3.542   |  1.771   |
|   s100_sINP   |  s100_sINP  |  GPIO_OUT |  3.542   |  1.771   |
|   s100_sINTA  |  s100_sINTA |  GPIO_OUT |  3.542   |  1.771   |
|    s100_sM1   |   s100_sM1  |  GPIO_OUT |  3.542   |  1.771   |
|   s100_sOUT   |  s100_sOUT  |  GPIO_OUT |  3.542   |  1.771   |
+---------------+-------------+-----------+----------+----------+

---------- LVDS Rx Timing Report (end) ----------

---------- 4. LVDS Tx Timing Report (begin) ----------

Non-registered LVDS GPIO Configuration:
========================================

+-----------------+-----------------+-----------+----------+----------+
|  Instance Name  |     Pin Name    | Parameter | Max (ns) | Min (ns) |
+-----------------+-----------------+-----------+----------+----------+
|     F_add_oe    |     F_add_oe    |  GPIO_OUT |  2.678   |  1.339   |
|  F_bus_stat_oe  |  F_bus_stat_oe  |  GPIO_OUT |  3.658   |  1.829   |
|    s100_ADSB    |    s100_ADSB    |  GPIO_OUT |  3.658   |  1.829   |
|    s100_CDSB    |    s100_CDSB    |  GPIO_OUT |  3.658   |  1.829   |
|  S100adr0_15[5] |  S100adr0_15[5] |  GPIO_OUT |  2.678   |  1.339   |
|  S100adr0_15[6] |  S100adr0_15[6] |  GPIO_OUT |  2.678   |  1.339   |
|  S100adr0_15[7] |  S100adr0_15[7] |  GPIO_OUT |  2.678   |  1.339   |
|  S100adr0_15[8] |  S100adr0_15[8] |  GPIO_OUT |  2.678   |  1.339   |
|  S100adr0_15[9] |  S100adr0_15[9] |  GPIO_OUT |  2.678   |  1.339   |
| S100adr0_15[10] | S100adr0_15[10] |  GPIO_OUT |  2.678   |  1.339   |
| S100adr0_15[11] | S100adr0_15[11] |  GPIO_OUT |  2.678   |  1.339   |
| S100adr0_15[12] | S100adr0_15[12] |  GPIO_OUT |  2.678   |  1.339   |
| S100adr0_15[13] | S100adr0_15[13] |  GPIO_OUT |  2.678   |  1.339   |
| S100adr0_15[14] | S100adr0_15[14] |  GPIO_OUT |  2.678   |  1.339   |
| S100adr0_15[15] | S100adr0_15[15] |  GPIO_OUT |  2.678   |  1.339   |
| S100adr16_19[0] | S100adr16_19[0] |  GPIO_OUT |  2.678   |  1.339   |
| S100adr16_19[1] | S100adr16_19[1] |  GPIO_OUT |  2.678   |  1.339   |
| S100adr16_19[2] | S100adr16_19[2] |  GPIO_OUT |  2.678   |  1.339   |
| S100adr16_19[3] | S100adr16_19[3] |  GPIO_OUT |  2.678   |  1.339   |
+-----------------+-----------------+-----------+----------+----------+

---------- LVDS Tx Timing Report (end) ----------
