
# Efinity Pinout Report
# Version: 2022.1.226
# Date: 2022-12-14 00:38

# Copyright (C) 2017 - 2022 Efinix Inc. All rights reserved.

# Device: T35F400
# Package status: final
# Project: T35_ADDR_LINES_W_Z80_2
# Configuration mode: active (x4)

# NOTE: Similar information is available in T35_ADDR_LINES_W_Z80_2.pinout.csv

+------------+---------------------------------+--------------------------+---------------+----------------------+------------------+-------+-------------+-----------------------+
| Pin Number |           Signal Name           |         Pin Name         |   Direction   |     I/O Standard     | I/O Bank Voltage |  Bank |  Pull Type  |        Function       |
+------------+---------------------------------+--------------------------+---------------+----------------------+------------------+-------+-------------+-----------------------+
|     A1     |             --GND--             |           GND            |     Power     |                      |                  |       |             |         Ground        |
|     A2     |           s100_sM1.RXN          |       GPIOT_RXN13        |     Output    | 3.3 V LVTTL / LVCMOS |      3.3 V       |   2B  |             |        User IO        |
|     A3     |            --UNUSED--           |       GPIOT_RXP13        |               |                      |      3.3 V       |   2B  |             |        User IO        |
|     A4     |            --UNUSED--           |       GPIOT_RXN05        |               |                      |      3.3 V       |   2A  |             |        User IO        |
|     A5     |            --UNUSED--           |       GPIOT_RXP05        |               |                      |      3.3 V       |   2A  |             |        User IO        |
|     A6     |            --UNUSED--           |       GPIOT_RXN06        |               |                      |      3.3 V       |   2A  |             |        User IO        |
|     A7     |            --UNUSED--           |       GPIOT_RXP06        |               |                      |      3.3 V       |   2A  |             |        User IO        |
|     A8     |            --UNUSED--           |       GPIOT_RXP03        |               |                      |      3.3 V       |   2A  |             |        User IO        |
|     A9     |            --UNUSED--           |       GPIOT_RXP02        |               |                      |      3.3 V       |   2A  |             |        User IO        |
|    A10     |            --UNUSED--           |       GPIOT_RXN02        |               |                      |      3.3 V       |   2A  |             |        User IO        |
|    A11     |            --CBSEL0--           |     GPIOL_108_CBSEL0     |     Input     |                      |      3.3 V       |   1E  | weak pullup |        User IO        |
|    A12     |            --CBSEL1--           |     GPIOL_109_CBSEL1     |     Input     |                      |      3.3 V       |   1E  | weak pullup |        User IO        |
|    A13     |            --UNUSED--           |        GPIOL_106         |     Input     |                      |      3.3 V       |   1E  | weak pullup |        User IO        |
|    A14     |            --UNUSED--           |        GPIOL_107         |     Input     |                      |      3.3 V       |   1E  | weak pullup |        User IO        |
|    A15     |            --UNUSED--           |        GPIOL_105         |     Input     |                      |      3.3 V       |   1E  | weak pullup |        User IO        |
|    A16     |            --UNUSED--           |         GPIOL_97         |     Input     |                      |      3.3 V       |   1E  | weak pullup |        User IO        |
|    A17     |            --UNUSED--           |         GPIOL_90         |     Input     |                      |      3.3 V       |   1D  | weak pullup |        User IO        |
|    A18     |            --UNUSED--           |         GPIOL_88         |     Input     |                      |      3.3 V       |   1D  | weak pullup |        User IO        |
|    A19     |            --UNUSED--           |         GPIOL_86         |     Input     |                      |      3.3 V       |   1D  | weak pullup |        User IO        |
|    A20     |             --GND--             |           GND            |     Power     |                      |                  |       |             |         Ground        |
|     B1     |            --UNUSED--           |    GPIOT_RXN16_EXTFB1    |               |                      |      3.3 V       |   2B  |             |        User IO        |
|     B2     |           s100_PHI.RXP          |    GPIOT_RXP16_EXTFB1    |     Output    | 3.3 V LVTTL / LVCMOS |      3.3 V       |   2B  |             |        User IO        |
|     B3     |          s100_clock.RXN         |       GPIOT_RXN15        |     Output    | 3.3 V LVTTL / LVCMOS |      3.3 V       |   2B  |             |        User IO        |
|     B4     |             --GND--             |           GND            |     Power     |                      |                  |       |             |         Ground        |
|     B5     |          s100_sHLTA.RXN         |    GPIOT_RXN08_CLKN0     |     Output    | 3.3 V LVTTL / LVCMOS |      3.3 V       |   2A  |             |   User IO/PLL_CLKIN   |
|     B6     |            --UNUSED--           |    GPIOT_RXP08_CLKP0     |               |                      |      3.3 V       |   2A  |             |   User IO/PLL_CLKIN   |
|     B7     |             --VCC--             |         VCCIO2A          |     Power     |                      |      3.3 V       |   2A  |             |      VCCIO Power      |
|     B8     |            --UNUSED--           |       GPIOT_RXN03        |               |                      |      3.3 V       |   2A  |             |        User IO        |
|     B9     |            --UNUSED--           |       GPIOT_RXP04        |               |                      |      3.3 V       |   2A  |             |        User IO        |
|    B10     |             --VCC--             |         VCCIO2A          |     Power     |                      |      3.3 V       |   2A  |             |      VCCIO Power      |
|    B11     |            --UNUSED--           |       GPIOT_RXP00        |               |                      |      3.3 V       |   2A  |             |        User IO        |
|    B12     |             --VCC--             |         VCCIO1E          |     Power     |                      |      3.3 V       |   1E  |             |      VCCIO Power      |
|    B13     |            --UNUSED--           |        GPIOL_112         |     Input     |                      |      3.3 V       |   1E  | weak pullup |        User IO        |
|    B14     |             --VCC--             |         VCCIO1E          |     Power     |                      |      3.3 V       |   1E  |             |      VCCIO Power      |
|    B15     |            --UNUSED--           |         GPIOL_96         |     Input     |                      |      3.3 V       |   1E  | weak pullup |        User IO        |
|    B16     |            --UNUSED--           |         GPIOL_87         |     Input     |                      |      3.3 V       |   1D  | weak pullup |        User IO        |
|    B17     |             --VCC--             |         VCCIO1D          |     Power     |                      |      3.3 V       |   1D  |             |      VCCIO Power      |
|    B18     |             seg7[1]             |      GPIOL_73_CLK7       |     Output    | 3.3 V LVTTL / LVCMOS |      3.3 V       |   1D  |             |      User IO/GCLK     |
|    B19     |             seg7[5]             |      GPIOL_77_CTRL7      |     Output    | 3.3 V LVTTL / LVCMOS |      3.3 V       |   1D  |             |     User IO/GCTRL     |
|    B20     |            SBCLEDs[7]           |      GPIOL_71_CLK5       |     Output    | 3.3 V LVTTL / LVCMOS |      3.3 V       |   1D  |             |      User IO/GCLK     |
|     C1     |            --UNUSED--           |       GPIOT_RXN18        |               |                      |      3.3 V       |   2C  |             |        User IO        |
|     C2     |             --VCC--             |         VCCIO2B          |     Power     |                      |      3.3 V       |   2B  |             |      VCCIO Power      |
|     C3     |            --UNUSED--           |       GPIOT_RXP15        |               |                      |      3.3 V       |   2B  |             |        User IO        |
|     C4     |          s100_pHLDA.RXP         |       GPIOT_RXP14        |     Output    | 3.3 V LVTTL / LVCMOS |      3.3 V       |   2B  |             |        User IO        |
|     C5     |          s100_sINTA.RXN         |       GPIOT_RXN14        |     Output    | 3.3 V LVTTL / LVCMOS |      3.3 V       |   2B  |             |        User IO        |
|     C6     |            --UNUSED--           |       GPIOT_RXP10        |               |                      |      3.3 V       |   2B  |             |        User IO        |
|     C7     |          s100_sINP.RXN          |       GPIOT_RXN10        |     Output    | 3.3 V LVTTL / LVCMOS |      3.3 V       |   2B  |             |        User IO        |
|     C8     |             --VCC--             |         VCCIO2B          |     Power     |                      |      3.3 V       |   2B  |             |      VCCIO Power      |
|     C9     |            --UNUSED--           |       GPIOT_RXN04        |               |                      |      3.3 V       |   2A  |             |        User IO        |
|    C10     |            --UNUSED--           |       GPIOT_RXP01        |               |                      |      3.3 V       |   2A  |             |        User IO        |
|    C11     |            --UNUSED--           |       GPIOT_RXN00        |               |                      |      3.3 V       |   2A  |             |        User IO        |
|    C12     |            --UNUSED--           |        GPIOL_111         |     Input     |                      |      3.3 V       |   1E  | weak pullup |        User IO        |
|    C13     |            --UNUSED--           |        GPIOL_110         |     Input     |                      |      3.3 V       |   1E  | weak pullup |        User IO        |
|    C14     |           --NSTATUS--           |    GPIOL_102_NSTATUS     |     Input     |                      |      3.3 V       |   1E  | weak pullup | User IO/Configuration |
|    C15     |            --UNUSED--           |         GPIOL_94         |     Input     |                      |      3.3 V       |   1E  | weak pullup |        User IO        |
|    C16     |            --UNUSED--           |         GPIOL_93         |     Input     |                      |      3.3 V       |   1D  | weak pullup |        User IO        |
|    C17     |            --UNUSED--           |         GPIOL_84         |     Input     |                      |      3.3 V       |   1D  | weak pullup |        User IO        |
|    C18     |             seg7[4]             |      GPIOL_76_CTRL6      |     Output    | 3.3 V LVTTL / LVCMOS |      3.3 V       |   1D  |             |     User IO/GCTRL     |
|    C19     |             --VCC--             |         VCCIO1D          |     Power     |                      |      3.3 V       |   1D  |             |      VCCIO Power      |
|    C20     |             seg7[2]             |      GPIOL_74_CTRL4      |     Output    | 3.3 V LVTTL / LVCMOS |      3.3 V       |   1D  |             |     User IO/GCTRL     |
|     D1     |          s100_pSYNC.RXP         |       GPIOT_RXP18        |     Output    | 3.3 V LVTTL / LVCMOS |      3.3 V       |   2C  |             |        User IO        |
|     D2     |         s100_pSTVAL.RXN         |       GPIOT_RXN21        |     Output    | 3.3 V LVTTL / LVCMOS |      3.3 V       |   2C  |             |        User IO        |
|     D3     |            --UNUSED--           |    GPIOT_RXN17_CLKN1     |               |                      |      3.3 V       |   2B  |             |   User IO/PLL_CLKIN   |
|     D4     |            --UNUSED--           |    GPIOT_RXP17_CLKP1     |               |                      |      3.3 V       |   2B  |             |   User IO/PLL_CLKIN   |
|     D5     |          s100_MEMR.RXN          |       GPIOT_RXN11        |     Output    | 3.3 V LVTTL / LVCMOS |      3.3 V       |   2B  |             |        User IO        |
|     D6     |            --UNUSED--           |       GPIOT_RXP11        |               |                      |      3.3 V       |   2B  |             |        User IO        |
|     D7     |          s100_sOUT.RXN          |       GPIOT_RXN09        |     Output    | 3.3 V LVTTL / LVCMOS |      3.3 V       |   2B  |             |        User IO        |
|     D8     |            --UNUSED--           |       GPIOT_RXP09        |               |                      |      3.3 V       |   2B  |             |        User IO        |
|     D9     |         sw1_reset_n.RXP         |       GPIOT_RXP12        |     Input     | 3.3 V LVTTL / LVCMOS |      3.3 V       |   2B  | weak pullup |        User IO        |
|    D10     |            --UNUSED--           |       GPIOT_RXN01        |               |                      |      3.3 V       |   2A  |             |        User IO        |
|    D11     |             --GND--             |           GND            |     Power     |                      |                  |       |             |         Ground        |
|    D12     |            --UNUSED--           |        GPIOL_113         |     Input     |                      |      3.3 V       |   1E  | weak pullup |        User IO        |
|    D13     |            --UNUSED--           |        GPIOL_114         |     Input     |                      |      3.3 V       |   1E  | weak pullup |        User IO        |
|    D14     |            --UNUSED--           |        GPIOL_100         |     Input     |                      |      3.3 V       |   1E  | weak pullup |        User IO        |
|    D15     |            --UNUSED--           |         GPIOL_95         |     Input     |                      |      3.3 V       |   1E  | weak pullup |        User IO        |
|    D16     |            --UNUSED--           |         GPIOL_92         |     Input     |                      |      3.3 V       |   1D  | weak pullup |        User IO        |
|    D17     |             seg7[6]             |         GPIOL_79         |     Output    | 3.3 V LVTTL / LVCMOS |      3.3 V       |   1D  |             |        User IO        |
|    D18     |             seg7[0]             |      GPIOL_72_CLK6       |     Output    | 3.3 V LVTTL / LVCMOS |      3.3 V       |   1D  |             |      User IO/GCLK     |
|    D19     |            --UNUSED--           |      GPIOL_63_CTRL1      |     Input     |                      |      3.3 V       |   1C  | weak pullup |     User IO/GCTRL     |
|    D20     |            SBCLEDs[3]           |      GPIOL_66_CLK0       |     Output    | 3.3 V LVTTL / LVCMOS |      3.3 V       |   1C  |             |      User IO/GCLK     |
|     E1     |            --UNUSED--           |       GPIOT_RXP23        |               |                      |      3.3 V       |   2C  |             |        User IO        |
|     E2     |          s100_pDBIN.RXP         |       GPIOT_RXP21        |     Output    | 3.3 V LVTTL / LVCMOS |      3.3 V       |   2C  |             |        User IO        |
|     E3     |         boardActive.RXN         |       GPIOT_RXN20        |     Output    | 3.3 V LVTTL / LVCMOS |      3.3 V       |   2C  |             |        User IO        |
|     E4     |          s100_n_pWR.RXP         |       GPIOT_RXP20        |     Output    | 3.3 V LVTTL / LVCMOS |      3.3 V       |   2C  |             |        User IO        |
|     E5     |             --VCC--             |         VCCIO2C          |     Power     |                      |      3.3 V       |   2C  |             |      VCCIO Power      |
|     E6     |            --UNUSED--           |       GPIOT_RXP19        |               |                      |      3.3 V       |   2C  |             |        User IO        |
|     E7     |            --UNUSED--           |       GPIOT_RXN19        |               |                      |      3.3 V       |   2C  |             |        User IO        |
|     E8     |             --GND--             |           GND            |     Power     |                      |                  |       |             |         Ground        |
|     E9     |          s100_n_sWO.RXN         |       GPIOT_RXN12        |     Output    | 3.3 V LVTTL / LVCMOS |      3.3 V       |   2B  |             |        User IO        |
|    E10     |            --UNUSED--           |    GPIOT_RXP07_EXTFB0    |               |                      |      3.3 V       |   2A  |             |        User IO        |
|    E11     |            --UNUSED--           |    GPIOT_RXN07_EXTFB0    |               |                      |      3.3 V       |   2A  |             |        User IO        |
|    E12     |            --UNUSED--           |        GPIOL_116         |     Input     |                      |      3.3 V       |   1E  | weak pullup |        User IO        |
|    E13     |             --VCC--             |         VCCIO1E          |     Power     |                      |      3.3 V       |   1E  |             |      VCCIO Power      |
|    E14     |            --UNUSED--           |        GPIOL_104         |     Input     |                      |      3.3 V       |   1E  | weak pullup |        User IO        |
|    E15     |            --UNUSED--           |         GPIOL_99         |     Input     |                      |      3.3 V       |   1E  | weak pullup |        User IO        |
|    E16     |             --VCC--             |         VCCIO1D          |     Power     |                      |      3.3 V       |   1D  |             |      VCCIO Power      |
|    E17     |             seg7[3]             |      GPIOL_75_CTRL5      |     Output    | 3.3 V LVTTL / LVCMOS |      3.3 V       |   1D  |             |     User IO/GCTRL     |
|    E18     |            --UNUSED--           |      GPIOL_68_CLK2       |     Input     |                      |      3.3 V       |   1C  | weak pullup |      User IO/GCLK     |
|    E19     |             --VCC--             |         VCCIO1C          |     Power     |                      |      3.3 V       |   1C  |             |      VCCIO Power      |
|    E20     |            --UNUSED--           |      GPIOL_67_CLK1       |     Input     |                      |      3.3 V       |   1C  | weak pullup |      User IO/GCLK     |
|     F1     |            --UNUSED--           |       GPIOT_RXN23        |               |                      |      3.3 V       |   2C  |             |        User IO        |
|     F2     |             --VCC--             |         VCCIO2C          |     Power     |                      |      3.3 V       |   2C  |             |      VCCIO Power      |
|     F3     |            --UNUSED--           |       GPIOT_RXN22        |               |                      |      3.3 V       |   2C  |             |        User IO        |
|     F4     |            --UNUSED--           |    GPIOT_RXP24_EXTFB2    |               |                      |      3.3 V       |   2C  |             |        User IO        |
|     F5     |            --UNUSED--           |    GPIOT_RXN24_EXTFB2    |               |                      |      3.3 V       |   2C  |             |        User IO        |
|     F6     |            s100_sMWRT           |    GPIOR_121_MREFCLK     |     Output    | 3.3 V LVTTL / LVCMOS |      3.3 V       | 3C_TR |             |        User IO        |
|     F7     |            --UNUSED--           |     GPIOR_118_PLLIN0     |     Input     |                      |      3.3 V       | 3C_TR | weak pullup |   User IO/PLL_CLKIN   |
|     F8     |             --VCC--             |         VCCA_TR          |     Power     |                      |      3.3 V       | 3C_TR |             |    1.2 V PLL Power    |
|     F9     |             --VCC--             |         VCCIO2C          |     Power     |                      |      3.3 V       |   2C  |             |      VCCIO Power      |
|    F10     |             --VCC--             |         VCCIO2B          |     Power     |                      |      3.3 V       |   2B  |             |      VCCIO Power      |
|    F11     |             --VCC--             |         VCCIO2A          |     Power     |                      |      3.3 V       |   2A  |             |      VCCIO Power      |
|    F12     |            --UNUSED--           |        GPIOL_115         |     Input     |                      |      3.3 V       |   1E  | weak pullup |        User IO        |
|    F13     |            --UNUSED--           |        GPIOL_117         |     Input     |                      |      3.3 V       |   1E  | weak pullup |        User IO        |
|    F14     |            --TEST_N--           |     GPIOL_103_TEST_N     |     Input     |                      |      3.3 V       |   1E  | weak pullup | User IO/Configuration |
|    F15     |            --UNUSED--           |         GPIOL_98         |     Input     |                      |      3.3 V       |   1E  | weak pullup |        User IO        |
|    F16     |            --UNUSED--           |         GPIOL_85         |     Input     |                      |      3.3 V       |   1D  | weak pullup |        User IO        |
|    F17     |            --UNUSED--           |         GPIOL_82         |     Input     |                      |      3.3 V       |   1D  | weak pullup |        User IO        |
|    F18     |            --UNUSED--           |      GPIOL_69_CLK3       |     Input     |                      |      3.3 V       |   1C  | weak pullup |      User IO/GCLK     |
|    F19     |            SBCLEDs[2]           |      GPIOL_64_CTRL2      |     Output    | 3.3 V LVTTL / LVCMOS |      3.3 V       |   1C  |             |     User IO/GCTRL     |
|    F20     |            --UNUSED--           |         GPIOL_58         |     Input     |                      |      3.3 V       |   1C  | weak pullup |        User IO        |
|     G1     |            --UNUSED--           |    GPIOT_RXN25_CLKN2     |               |                      |      3.3 V       |   2C  |             |   User IO/PLL_CLKIN   |
|     G2     |            --UNUSED--           |    GPIOT_RXP25_CLKP2     |               |                      |      3.3 V       |   2C  |             |   User IO/PLL_CLKIN   |
|     G3     |            --UNUSED--           |       GPIOT_RXP22        |               |                      |      3.3 V       |   2C  |             |        User IO        |
|     G4     |            --UNUSED--           |     GPIOR_127_CLK14      |     Input     |                      |      3.3 V       | 3C_TR | weak pullup |      User IO/GCLK     |
|     G5     |            --UNUSED--           |     GPIOR_123_CTRL14     |     Input     |                      |      3.3 V       | 3C_TR | weak pullup |     User IO/GCTRL     |
|     G6     |            --UNUSED--           |     GPIOR_119_PLLIN1     |     Input     |                      |      3.3 V       | 3C_TR | weak pullup |   User IO/PLL_CLKIN   |
|     G7     |           F_bus_ctl_oe          |     GPIOR_120_PLLIN2     |     Output    | 3.3 V LVTTL / LVCMOS |      3.3 V       | 3C_TR |             |   User IO/PLL_CLKIN   |
|     G8     |             --GND--             |           GND            |     Power     |                      |                  |       |             |         Ground        |
|     G9     |             --GND--             |           GND            |     Power     |                      |                  |       |             |         Ground        |
|    G10     |             --GND--             |           GND            |     Power     |                      |                  |       |             |         Ground        |
|    G11     |             --GND--             |           GND            |     Power     |                      |                  |       |             |         Ground        |
|    G12     |             --GND--             |           GND            |     Power     |                      |                  |       |             |         Ground        |
|    G13     |             --GND--             |           GND            |     Power     |                      |                  |       |             |         Ground        |
|    G14     |            --UNUSED--           |        GPIOL_101         |     Input     |                      |      3.3 V       |   1E  | weak pullup |        User IO        |
|    G15     |            --UNUSED--           |         GPIOL_91         |     Input     |                      |      3.3 V       |   1D  | weak pullup |        User IO        |
|    G16     |            --UNUSED--           |         GPIOL_89         |     Input     |                      |      3.3 V       |   1D  | weak pullup |        User IO        |
|    G17     |            --UNUSED--           |      GPIOL_70_CLK4       |     Input     |                      |      3.3 V       |   1D  | weak pullup |      User IO/GCLK     |
|    G18     |            --UNUSED--           |      GPIOL_65_CTRL3      |     Input     |                      |      3.3 V       |   1C  | weak pullup |     User IO/GCTRL     |
|    G19     |             --GND--             |           GND            |     Power     |                      |                  |       |             |         Ground        |
|    G20     |            --UNUSED--           |         GPIOL_56         |     Input     |                      |      3.3 V       |   1C  | weak pullup |        User IO        |
|     H1     |            --UNUSED--           |     GPIOR_130_CLK11      |     Input     |                      |      3.3 V       | 3C_TR | weak pullup |      User IO/GCLK     |
|     H2     |            --UNUSED--           |     GPIOR_131_CLK10      |     Input     |                      |      3.3 V       | 3C_TR | weak pullup |      User IO/GCLK     |
|     H3     |             s100_rdy            |     GPIOR_124_CTRL13     |     Input     | 3.3 V LVTTL / LVCMOS |      3.3 V       | 3C_TR |             |     User IO/GCTRL     |
|     H4     |            --UNUSED--           |     GPIOR_125_CTRL12     |     Input     |                      |      3.3 V       | 3C_TR | weak pullup |     User IO/GCTRL     |
|     H5     |             --VCC--             |        VCCIO3C_TR        |     Power     |                      |      3.3 V       | 3C_TR |             |      VCCIO Power      |
|     H6     |            --UNUSED--           |     GPIOR_122_CTRL15     |     Input     |                      |      3.3 V       | 3C_TR | weak pullup |     User IO/GCTRL     |
|     H7     |            --UNUSED--           |     GPIOR_126_CLK15      |     Input     |                      |      3.3 V       | 3C_TR | weak pullup |      User IO/GCLK     |
|     H8     |             --VCC--             |           VCC            |     Power     |                      |                  |       |             |    1.2 V VCC Power    |
|     H9     |             --VCC--             |           VCC            |     Power     |                      |                  |       |             |    1.2 V VCC Power    |
|    H10     |             --VCC--             |           VCC            |     Power     |                      |                  |       |             |    1.2 V VCC Power    |
|    H11     |             --VCC--             |           VCC            |     Power     |                      |                  |       |             |    1.2 V VCC Power    |
|    H12     |             --VCC--             |           VCC            |     Power     |                      |                  |       |             |    1.2 V VCC Power    |
|    H13     |             --VCC--             |           VCC            |     Power     |                      |                  |       |             |    1.2 V VCC Power    |
|    H14     |            --UNUSED--           |         GPIOL_83         |     Input     |                      |      3.3 V       |   1D  | weak pullup |        User IO        |
|    H15     |             seg7_dp             |         GPIOL_81         |     Output    | 3.3 V LVTTL / LVCMOS |      3.3 V       |   1D  |             |        User IO        |
|    H16     |             --VCC--             |         VCCIO1C          |     Power     |                      |      3.3 V       |   1C  |             |      VCCIO Power      |
|    H17     |            --UNUSED--           |         GPIOL_60         |     Input     |                      |      3.3 V       |   1C  | weak pullup |        User IO        |
|    H18     |            SBCLEDs[1]           |      GPIOL_62_CTRL0      |     Output    | 3.3 V LVTTL / LVCMOS |      3.3 V       |   1C  |             |     User IO/GCTRL     |
|    H19     |            --UNUSED--           |         GPIOL_54         |     Input     |                      |      3.3 V       |   1C  | weak pullup |        User IO        |
|    H20     |            --UNUSED--           |         GPIOL_53         |     Input     |                      |      3.3 V       |   1C  | weak pullup |        User IO        |
|     J1     |           s100_PHANTOM          |     GPIOR_134_CTRL11     |     Output    | 3.3 V LVTTL / LVCMOS |      3.3 V       | 3C_TR |             |     User IO/GCTRL     |
|     J2     |             --GND--             |           GND            |     Power     |                      |                  |       |             |         Ground        |
|     J3     |            s100_xrdy            |     GPIOR_135_CTRL10     |     Input     | 3.3 V LVTTL / LVCMOS |      3.3 V       | 3C_TR |             |     User IO/GCTRL     |
|     J4     |            --UNUSED--           |      GPIOR_132_CLK9      |     Input     |                      |      3.3 V       | 3C_TR | weak pullup |      User IO/GCLK     |
|     J5     |            --UNUSED--           |      GPIOR_133_CLK8      |     Input     |                      |      3.3 V       | 3C_TR | weak pullup |      User IO/GCLK     |
|     J6     |            --UNUSED--           |     GPIOR_129_CLK12      |     Input     |                      |      3.3 V       | 3C_TR | weak pullup |      User IO/GCLK     |
|     J7     |             --VCC--             |        VCCIO3C_TR        |     Power     |                      |      3.3 V       | 3C_TR |             |      VCCIO Power      |
|     J8     |             --GND--             |           GND            |     Power     |                      |                  |       |             |         Ground        |
|     J9     |             --GND--             |           GND            |     Power     |                      |                  |       |             |         Ground        |
|    J10     |             --GND--             |           GND            |     Power     |                      |                  |       |             |         Ground        |
|    J11     |             --GND--             |           GND            |     Power     |                      |                  |       |             |         Ground        |
|    J12     |             --GND--             |           GND            |     Power     |                      |                  |       |             |         Ground        |
|    J13     |             --GND--             |           GND            |     Power     |                      |                  |       |             |         Ground        |
|    J14     |            SBCLEDs[0]           |         GPIOL_59         |     Output    | 3.3 V LVTTL / LVCMOS |      3.3 V       |   1C  |             |        User IO        |
|    J15     |            --UNUSED--           |         GPIOL_57         |     Input     |                      |      3.3 V       |   1C  | weak pullup |        User IO        |
|    J16     |            --UNUSED--           |         GPIOL_51         |     Input     |                      |      3.3 V       |   1C  | weak pullup |        User IO        |
|    J17     |            --UNUSED--           |         GPIOL_52         |     Input     |                      |      3.3 V       |   1C  | weak pullup |        User IO        |
|    J18     |            --UNUSED--           |         GPIOL_47         |     Input     |                      |      3.3 V       |   1C  | weak pullup |        User IO        |
|    J19     |             --VCC--             |         VCCIO1C          |     Power     |                      |      3.3 V       |   1C  |             |      VCCIO Power      |
|    J20     |            --UNUSED--           |         GPIOL_50         |     Input     |                      |      3.3 V       |   1C  | weak pullup |        User IO        |
|     K1     |            --UNUSED--           |        DDR_BA[2]         |               |                      |                  |   3D  |             |                       |
|     K2     |            --UNUSED--           |        DDR_BA[1]         |               |                      |                  |   3D  |             |                       |
|     K3     |            --UNUSED--           |        DDR_BA[0]         |               |                      |                  |   3D  |             |                       |
|     K4     |            --UNUSED--           |         DDR_WE_N         |               |                      |                  |   3D  |             |                       |
|     K5     |            --UNUSED--           |     GPIOR_128_CLK13      |     Input     |                      |      3.3 V       | 3C_TR | weak pullup |      User IO/GCLK     |
|     K6     |            --UNUSED--           |     GPIOR_136_CTRL9      |     Input     |                      |      3.3 V       | 3C_TR | weak pullup |     User IO/GCTRL     |
|     K7     |            --UNUSED--           |     GPIOR_137_CTRL8      |     Input     |                      |      3.3 V       | 3C_TR | weak pullup |     User IO/GCTRL     |
|     K8     |             --VCC--             |           VCC            |     Power     |                      |                  |       |             |    1.2 V VCC Power    |
|     K9     |             --VCC--             |           VCC            |     Power     |                      |                  |       |             |    1.2 V VCC Power    |
|    K10     |             --VCC--             |           VCC            |     Power     |                      |                  |       |             |    1.2 V VCC Power    |
|    K11     |             --VCC--             |           VCC            |     Power     |                      |                  |       |             |    1.2 V VCC Power    |
|    K12     |             --VCC--             |           VCC            |     Power     |                      |                  |       |             |    1.2 V VCC Power    |
|    K13     |             --VCC--             |           VCC            |     Power     |                      |                  |       |             |    1.2 V VCC Power    |
|    K14     |            --UNUSED--           |         GPIOL_49         |     Input     |                      |      3.3 V       |   1C  | weak pullup |        User IO        |
|    K15     |            --UNUSED--           |         GPIOL_45         |     Input     |                      |      3.3 V       |   1B  | weak pullup |        User IO        |
|    K16     |            --UNUSED--           |         GPIOL_44         |     Input     |                      |      3.3 V       |   1B  | weak pullup |        User IO        |
|    K17     |            --UNUSED--           |         GPIOL_43         |     Input     |                      |      3.3 V       |   1B  | weak pullup |        User IO        |
|    K18     |            --UNUSED--           |         GPIOL_42         |     Input     |                      |      3.3 V       |   1B  | weak pullup |        User IO        |
|    K19     |            --UNUSED--           |         GPIOL_46         |     Input     |                      |      3.3 V       |   1C  | weak pullup |        User IO        |
|    K20     |            --UNUSED--           |         GPIOL_48         |     Input     |                      |      3.3 V       |   1C  | weak pullup |        User IO        |
|     L1     |            --UNUSED--           |        DDR_DQ[14]        |               |                      |                  |   3D  |             |                       |
|     L2     |            --UNUSED--           |        DDR_DQ[13]        |               |                      |                  |   3D  |             |                       |
|     L3     |            --UNUSED--           |        DDR_DQ[12]        |               |                      |                  |   3D  |             |                       |
|     L4     |            --UNUSED--           |        DDR_RST_N         |               |                      |                  |   3D  |             |                       |
|     L5     |             --GND--             |           GND            |     Power     |                      |                  |       |             |         Ground        |
|     L6     |            --UNUSED--           |         DDR_ODT          |               |                      |                  |   3D  |             |                       |
|     L7     |             --VCC--             |        VCCIO_DDR         |     Power     |                      |                  |   3D  |             |      VCCIO Power      |
|     L8     |             --GND--             |           GND            |     Power     |                      |                  |       |             |         Ground        |
|     L9     |             --GND--             |           GND            |     Power     |                      |                  |       |             |         Ground        |
|    L10     |             --GND--             |           GND            |     Power     |                      |                  |       |             |         Ground        |
|    L11     |             --GND--             |           GND            |     Power     |                      |                  |       |             |         Ground        |
|    L12     |             --GND--             |           GND            |     Power     |                      |                  |       |             |         Ground        |
|    L13     |             --GND--             |           GND            |     Power     |                      |                  |       |             |         Ground        |
|    L14     |            --UNUSED--           |         GPIOL_41         |     Input     |                      |      3.3 V       |   1B  | weak pullup |        User IO        |
|    L15     |            --UNUSED--           |         GPIOL_37         |     Input     |                      |      3.3 V       |   1B  | weak pullup |        User IO        |
|    L16     |             --VCC--             |         VCCIO1B          |     Power     |                      |      3.3 V       |   1B  |             |      VCCIO Power      |
|    L17     |            --UNUSED--           |         GPIOL_36         |     Input     |                      |      3.3 V       |   1B  | weak pullup |        User IO        |
|    L18     |            --UNUSED--           |         GPIOL_40         |     Input     |                      |      3.3 V       |   1B  | weak pullup |        User IO        |
|    L19     |             --VCC--             |         VCCIO1B          |     Power     |                      |      3.3 V       |   1B  |             |      VCCIO Power      |
|    L20     |            --UNUSED--           |         GPIOL_39         |     Input     |                      |      3.3 V       |   1B  | weak pullup |        User IO        |
|     M1     |            --UNUSED--           |        DDR_DQ[15]        |               |                      |                  |   3D  |             |                       |
|     M2     |             --GND--             |           GND            |     Power     |                      |                  |       |             |         Ground        |
|     M3     |            --UNUSED--           |       DDR_DQS_N[1]       |               |                      |                  |   3D  |             |                       |
|     M4     |            --UNUSED--           |        DDR_RAS_N         |               |                      |                  |   3D  |             |                       |
|     M5     |            --UNUSED--           |        DDR_A[15]         |               |                      |                  |   3D  |             |                       |
|     M6     |            --UNUSED--           |        DDR_A[13]         |               |                      |                  |   3D  |             |                       |
|     M7     |             --GND--             |           GND            |     Power     |                      |                  |       |             |         Ground        |
|     M8     |             --VCC--             |           VCC            |     Power     |                      |                  |       |             |    1.2 V VCC Power    |
|     M9     |             --VCC--             |           VCC            |     Power     |                      |                  |       |             |    1.2 V VCC Power    |
|    M10     |             --VCC--             |           VCC            |     Power     |                      |                  |       |             |    1.2 V VCC Power    |
|    M11     |             --VCC--             |           VCC            |     Power     |                      |                  |       |             |    1.2 V VCC Power    |
|    M12     |             --VCC--             |           VCC            |     Power     |                      |                  |       |             |    1.2 V VCC Power    |
|    M13     |             --VCC--             |           VCC            |     Power     |                      |                  |       |             |    1.2 V VCC Power    |
|    M14     |            --UNUSED--           |         GPIOL_21         |     Input     |                      |      3.3 V       |   1B  | weak pullup |        User IO        |
|    M15     |            --UNUSED--           |         GPIOL_31         |     Input     |                      |      3.3 V       |   1B  | weak pullup |        User IO        |
|    M16     |            --UNUSED--           |         GPIOL_34         |     Input     |                      |      3.3 V       |   1B  | weak pullup |        User IO        |
|    M17     |            --UNUSED--           |         GPIOL_32         |     Input     |                      |      3.3 V       |   1B  | weak pullup |        User IO        |
|    M18     |            --UNUSED--           |         GPIOL_33         |     Input     |                      |      3.3 V       |   1B  | weak pullup |        User IO        |
|    M19     |            --UNUSED--           |         GPIOL_38         |     Input     |                      |      3.3 V       |   1B  | weak pullup |        User IO        |
|    M20     |            --UNUSED--           |         GPIOL_35         |     Input     |                      |      3.3 V       |   1B  | weak pullup |        User IO        |
|     N1     |            --UNUSED--           |        DDR_DM[1]         |               |                      |                  |   3D  |             |                       |
|     N2     |            --UNUSED--           |        DDR_DQ[11]        |               |                      |                  |   3D  |             |                       |
|     N3     |            --UNUSED--           |        DDR_DQS[1]        |               |                      |                  |   3D  |             |                       |
|     N4     |            --UNUSED--           |        DDR_A[14]         |               |                      |                  |   3D  |             |                       |
|     N5     |            --UNUSED--           |        DDR_A[11]         |               |                      |                  |   3D  |             |                       |
|     N6     |            --UNUSED--           |         DDR_CKE          |               |                      |                  |   3D  |             |                       |
|     N7     |             --VCC--             |        VCCIO_DDR         |     Power     |                      |                  |   3D  |             |      VCCIO Power      |
|     N8     |             --GND--             |           GND            |     Power     |                      |                  |       |             |         Ground        |
|     N9     |             --GND--             |           GND            |     Power     |                      |                  |       |             |         Ground        |
|    N10     |             --GND--             |           GND            |     Power     |                      |                  |       |             |         Ground        |
|    N11     |             --GND--             |           GND            |     Power     |                      |                  |       |             |         Ground        |
|    N12     |             --GND--             |           GND            |     Power     |                      |                  |       |             |         Ground        |
|    N13     |             --GND--             |           GND            |     Power     |                      |                  |       |             |         Ground        |
|    N14     |          S100adr0_15[1]         |     GPIOL_17_EXTFB0      |     Output    | 3.3 V LVTTL / LVCMOS |      3.3 V       |   1B  |             |        User IO        |
|    N15     |             --CDI5--            |      GPIOL_20_CDI5       |     Input     |                      |      3.3 V       |   1B  | weak pullup |        User IO        |
|    N16     |            --UNUSED--           |         GPIOL_27         |     Input     |                      |      3.3 V       |   1B  | weak pullup |        User IO        |
|    N17     |            --UNUSED--           |         GPIOL_30         |     Input     |                      |      3.3 V       |   1B  | weak pullup |        User IO        |
|    N18     |            --UNUSED--           |         GPIOL_28         |     Input     |                      |      3.3 V       |   1B  | weak pullup |        User IO        |
|    N19     |             --VCC--             |         VCCIO1B          |     Power     |                      |      3.3 V       |   1B  |             |      VCCIO Power      |
|    N20     |            --UNUSED--           |         GPIOL_29         |     Input     |                      |      3.3 V       |   1B  | weak pullup |        User IO        |
|     P1     |            --UNUSED--           |        DDR_DQ[8]         |               |                      |                  |   3D  |             |                       |
|     P2     |            --UNUSED--           |        DDR_DQ[9]         |               |                      |                  |   3D  |             |                       |
|     P3     |            --UNUSED--           |        DDR_DQ[10]        |               |                      |                  |   3D  |             |                       |
|     P4     |            --UNUSED--           |        DDR_A[12]         |               |                      |                  |   3D  |             |                       |
|     P5     |             --VCC--             |        VCCIO_DDR         |     Power     |                      |                  |   3D  |             |      VCCIO Power      |
|     P6     |            --UNUSED--           |        DDR_CAS_N         |               |                      |                  |   3D  |             |                       |
|     P7     |             --GND--             |           GND            |     Power     |                      |                  |       |             |         Ground        |
|     P8     |             --VCC--             |           VCC            |     Power     |                      |                  |       |             |    1.2 V VCC Power    |
|     P9     |             --VCC--             |           VCC            |     Power     |                      |                  |       |             |    1.2 V VCC Power    |
|    P10     |             --VCC--             |           VCC            |     Power     |                      |                  |       |             |    1.2 V VCC Power    |
|    P11     |             --VCC--             |           VCC            |     Power     |                      |                  |       |             |    1.2 V VCC Power    |
|    P12     |             --VCC--             |           VCC            |     Power     |                      |                  |       |             |    1.2 V VCC Power    |
|    P13     |             --VCC--             |           VCC            |     Power     |                      |                  |       |             |    1.2 V VCC Power    |
|    P14     |          S100adr0_15[2]         |         GPIOL_10         |     Output    | 3.3 V LVTTL / LVCMOS |      3.3 V       |   1A  |             |        User IO        |
|    P15     |             --CDI2--            |      GPIOL_14_CDI2       |     Input     |                      |      3.3 V       |   1B  | weak pullup | User IO/Configuration |
|    P16     |          S100adr0_15[0]         |     GPIOL_19_PLLIN1      |     Output    | 3.3 V LVTTL / LVCMOS |      3.3 V       |   1B  |             |   User IO/PLL_CLKIN   |
|    P17     |             --GND--             |           GND            |     Power     |                      |                  |       |             |         Ground        |
|    P18     |             --CDI6--            |      GPIOL_22_CDI6       |     Input     |                      |      3.3 V       |   1B  | weak pullup |        User IO        |
|    P19     |            --UNUSED--           |         GPIOL_26         |     Input     |                      |      3.3 V       |   1B  | weak pullup |        User IO        |
|    P20     |            --UNUSED--           |         GPIOL_25         |     Input     |                      |      3.3 V       |   1B  | weak pullup |        User IO        |
|     R1     |            --UNUSED--           |         DDR_A[8]         |               |                      |                  |   3D  |             |                       |
|     R2     |             --VCC--             |        VCCIO_DDR         |     Power     |                      |                  |   3D  |             |      VCCIO Power      |
|     R3     |            --UNUSED--           |          DDR_CK          |               |                      |                  |   3D  |             |                       |
|     R4     |            --UNUSED--           |         DDR_CK_N         |               |                      |                  |   3D  |             |                       |
|     R5     |            --UNUSED--           |        DDR_A[10]         |               |                      |                  |   3D  |             |                       |
|     R6     |            --UNUSED--           |         DDR_CS_N         |               |                      |                  |   3D  |             |                       |
|     R7     |             --VCC--             |        VCCIO_DDR         |     Power     |                      |                  |   3D  |             |      VCCIO Power      |
|     R8     |             --VCC--             |         VCCA_BR          |     Power     |                      |      3.3 V       |   BR  |             |    1.2 V PLL Power    |
|     R9     |             --VCC--             |         VCCIO_BR         |     Power     |                      |      3.3 V       |   BR  |             |      VCCIO Power      |
|    R10     |            --UNUSED--           |        REF_RES_4A        |     Input     |                      |      3.3 V       |   4A  |             |                       |
|    R11     |             --GND--             |           GND            |     Power     |                      |                  |       |             |         Ground        |
|    R12     |            --UNUSED--           |        REF_RES_4B        |     Input     |                      |      3.3 V       |   4B  |             |                       |
|    R13     |             --VCC--             |         VCCA_BL          |     Power     |                      |                  |   BL  |             |    1.2 V PLL Power    |
|    R14     |            --UNUSED--           |         GPIOL_03         |     Input     |                      |      3.3 V       |   1A  | weak pullup |        User IO        |
|    R15     |             --VCC--             |         VCCIO1A          |     Power     |                      |      3.3 V       |   1A  |             |      VCCIO Power      |
|    R16     |            --UNUSED--           |     GPIOL_15_PLLIN0      |     Input     |                      |      3.3 V       |   1B  | weak pullup |   User IO/PLL_CLKIN   |
|    R17     |             --CDI3--            |      GPIOL_16_CDI3       |     Input     |                      |      3.3 V       |   1B  | weak pullup | User IO/Configuration |
|    R18     |             --CDI4--            |      GPIOL_18_CDI4       |     Input     |                      |      3.3 V       |   1B  | weak pullup |        User IO        |
|    R19     |             --GND--             |           GND            |     Power     |                      |                  |       |             |         Ground        |
|    R20     |            --UNUSED--           |         GPIOL_23         |     Input     |                      |      3.3 V       |   1B  | weak pullup |        User IO        |
|     T1     |            --UNUSED--           |         DDR_A[7]         |               |                      |                  |   3D  |             |                       |
|     T2     |            --UNUSED--           |         DDR_A[9]         |               |                      |                  |   3D  |             |                       |
|     T3     |            --UNUSED--           |         DDR_A[4]         |               |                      |                  |   3D  |             |                       |
|     T4     |            --UNUSED--           |         DDR_A[6]         |               |                      |                  |   3D  |             |                       |
|     T5     |            --UNUSED--           |         DDR_A[5]         |               |                      |                  |   3D  |             |                       |
|     T6     |            --UNUSED--           |         DDR_A[3]         |               |                      |                  |   3D  |             |                       |
|     T7     |            SBCLEDs[6]           |        GPIOR_141         |     Output    | 3.3 V LVTTL / LVCMOS |      3.3 V       |   BR  |             |        User IO        |
|     T8     |             clockIn             |     GPIOR_138_PLLIN0     |     Input     | 3.3 V LVTTL / LVCMOS |      3.3 V       |   BR  |             |   User IO/PLL_CLKIN   |
|     T9     |            SBCLEDs[4]           |     GPIOR_139_PLLIN1     |     Output    | 3.3 V LVTTL / LVCMOS |      3.3 V       |   BR  |             |   User IO/PLL_CLKIN   |
|    T10     |            --UNUSED--           |       GPIOB_TXN10        |               |                      |      3.3 V       |   4A  |             |        User IO        |
|    T11     |       S100adr16_19[0].TXP       |       GPIOB_TXP10        |     Output    | 3.3 V LVTTL / LVCMOS |      3.3 V       |   4A  |             |        User IO        |
|    T12     |            --CDI26--            |    GPIOB_TXN05_CDI26     |               |                      |      3.3 V       |   4B  |             |        User IO        |
|    T13     | --CDI27-- / S100adr16_19[3].TXP |    GPIOB_TXP05_CDI27     |     Output    | 3.3 V LVTTL / LVCMOS |      3.3 V       |   4B  |             |        User IO        |
|    T14     |             --VCC--             |         VCCIO4B          |     Power     |                      |      3.3 V       |   4B  |             |      VCCIO Power      |
|    T15     |          S100adr0_15[4]         |         GPIOL_02         |     Output    | 3.3 V LVTTL / LVCMOS |      3.3 V       |   1A  |             |        User IO        |
|    T16     |             --CSI--             |       GPIOL_04_CSI       |     Input     |                      |      3.3 V       |   1A  | weak pullup | User IO/Configuration |
|    T17     |             --CSO--             |       GPIOL_05_CSO       |     Input     |                      |      3.3 V       |   1A  | weak pullup | User IO/Configuration |
|    T18     |            --CBUS1--            |      GPIOL_12_CBUS1      |     Input     |                      |      3.3 V       |   1A  | weak pullup | User IO/Configuration |
|    T19     |            --CDONE--            |          CDONE           | Bidirectional |                      |      3.3 V       |   1A  |             |     Configuration     |
|    T20     |             --CDI7--            |      GPIOL_24_CDI7       |     Input     |                      |      3.3 V       |   1B  | weak pullup |        User IO        |
|     U1     |            --UNUSED--           |       DDR_DQS_N[0]       |               |                      |                  |   3D  |             |                       |
|     U2     |            --UNUSED--           |        DDR_DQ[3]         |               |                      |                  |   3D  |             |                       |
|     U3     |            --UNUSED--           |        DDR_DQ[0]         |               |                      |                  |   3D  |             |                       |
|     U4     |            --UNUSED--           |         DDR_A[0]         |               |                      |                  |   3D  |             |                       |
|     U5     |             --GND--             |           GND            |     Power     |                      |                  |       |             |         Ground        |
|     U6     |     --CDI10-- / F_add_oe.TXN    |    GPIOB_TXN17_CDI10     |     Output    | 3.3 V LVTTL / LVCMOS |      3.3 V       |   4A  |             |        User IO        |
|     U7     |            --CDI11--            |    GPIOB_TXP17_CDI11     |               |                      |      3.3 V       |   4A  |             |        User IO        |
|     U8     |             --GND--             |           GND            |     Power     |                      |                  |       |             |         Ground        |
|     U9     |            SBCLEDs[5]           |     GPIOR_140_PLLIN2     |     Output    | 3.3 V LVTTL / LVCMOS |      3.3 V       |   BR  |             |   User IO/PLL_CLKIN   |
|    U10     |    --CDI14-- / s100_CDSB.TXN    |    GPIOB_TXN15_CDI14     |     Output    | 3.3 V LVTTL / LVCMOS |      3.3 V       |   4A  |             |   User IO/PLL_CLKIN   |
|    U11     |             --VCC--             |         VCCIO4A          |     Power     |                      |      3.3 V       |   4A  |             |      VCCIO Power      |
|    U12     |            --CDI24--            |    GPIOB_TXN06_CDI24     |               |                      |      3.3 V       |   4B  |             |        User IO        |
|    U13     | --CDI23-- / S100adr16_19[2].TXP |    GPIOB_TXP07_CDI23     |     Output    | 3.3 V LVTTL / LVCMOS |      3.3 V       |   4B  |             |        User IO        |
|    U14     |       S100adr0_15[14].TXP       |       GPIOB_TXP02        |     Output    | 3.3 V LVTTL / LVCMOS |      3.3 V       |   4B  |             |        User IO        |
|    U15     |            --UNUSED--           |       GPIOB_TXN00        |               |                      |      3.3 V       |   4B  |             |        User IO        |
|    U16     |             --GND--             |           GND            |     Power     |                      |                  |       |             |         Ground        |
|    U17     |          S100adr0_15[3]         |         GPIOL_06         |     Output    | 3.3 V LVTTL / LVCMOS |      3.3 V       |   1A  |             |        User IO        |
|    U18     |            --CBUS0--            |      GPIOL_11_CBUS0      |     Input     |                      |      3.3 V       |   1A  | weak pullup | User IO/Configuration |
|    U19     |           --CRESET_N--          |         CRESET_N         |     Input     |                      |      3.3 V       |   1A  |             |     Configuration     |
|    U20     |             --TMS--             |           TMS            |     Input     |                      |      3.3 V       |   1A  |             |     Configuration     |
|     V1     |            --UNUSED--           |        DDR_DQS[0]        |               |                      |                  |   3D  |             |                       |
|     V2     |             --GND--             |           GND            |     Power     |                      |                  |       |             |         Ground        |
|     V3     |            --UNUSED--           |        DDR_DQ[2]         |               |                      |                  |   3D  |             |                       |
|     V4     |            --UNUSED--           |         DDR_VREF         |               |                      |                  |   3D  |             |                       |
|     V5     |            --UNUSED--           |         DDR_A[2]         |               |                      |                  |   3D  |             |                       |
|     V6     |             --CDI9--            | GPIOB_TXP18_EXTFB2_CDI9  |               |                      |      3.3 V       |   4A  |             |        User IO        |
|     V7     |             --CDI8--            |     GPIOB_TXN18_CDI8     |               |                      |      3.3 V       |   4A  |             |        User IO        |
|     V8     |        F_bus_stat_oe.TXN        |       GPIOB_TXN19        |     Output    | 3.3 V LVTTL / LVCMOS |      3.3 V       |   4A  |             |   User IO/PLL_CLKIN   |
|     V9     |            --UNUSED--           |     GPIOB_TXP19_CLK2     |               |                      |      3.3 V       |   4A  |             |   User IO/PLL_CLKIN   |
|    V10     |            --CDI15--            |  GPIOB_TXP15_CLK1_CDI15  |               |                      |      3.3 V       |   4A  |             |   User IO/PLL_CLKIN   |
|    V11     |          s100_ADSB.TXN          |       GPIOB_TXN11        |     Output    | 3.3 V LVTTL / LVCMOS |      3.3 V       |   4A  |             |        User IO        |
|    V12     | --CDI25-- / S100adr16_19[1].TXP |    GPIOB_TXP06_CDI25     |     Output    | 3.3 V LVTTL / LVCMOS |      3.3 V       |   4B  |             |        User IO        |
|    V13     |            --CDI22--            |    GPIOB_TXN07_CDI22     |               |                      |      3.3 V       |   4B  |             |        User IO        |
|    V14     |            --UNUSED--           |       GPIOB_TXN02        |               |                      |      3.3 V       |   4B  |             |        User IO        |
|    V15     |       S100adr0_15[13].TXP       |       GPIOB_TXP00        |     Output    | 3.3 V LVTTL / LVCMOS |      3.3 V       |   4B  |             |        User IO        |
|    V16     |            --CDI30--            |    GPIOB_TXN03_CDI30     |               |                      |      3.3 V       |   4B  |             |        User IO        |
|    V17     |            --UNUSED--           |         GPIOL_07         |     Input     |                      |      3.3 V       |   1A  | weak pullup |        User IO        |
|    V18     |            --CBUS2--            |      GPIOL_13_CBUS2      |     Input     |                      |      3.3 V       |   1A  | weak pullup | User IO/Configuration |
|    V19     |             --VCC--             |         VCCIO1A          |     Power     |                      |      3.3 V       |   1A  |             |      VCCIO Power      |
|    V20     |             --TDO--             |           TDO            |     Output    |                      |      3.3 V       |   1A  |             |     Configuration     |
|     W1     |            --UNUSED--           |        DDR_DM[0]         |               |                      |                  |   3D  |             |                       |
|     W2     |            --UNUSED--           |        DDR_DQ[4]         |               |                      |                  |   3D  |             |                       |
|     W3     |            --UNUSED--           |        DDR_DQ[1]         |               |                      |                  |   3D  |             |                       |
|     W4     |             --VCC--             |        VCCIO_DDR         |     Power     |                      |                  |   3D  |             |      VCCIO Power      |
|     W5     |            --UNUSED--           |         DDR_A[1]         |               |                      |                  |   3D  |             |                       |
|     W6     |            --CDI16--            |    GPIOB_TXN14_CDI16     |               |                      |      3.3 V       |   4A  |             |        User IO        |
|     W7     |             --VCC--             |         VCCIO4A          |     Power     |                      |      3.3 V       |   4A  |             |      VCCIO Power      |
|     W8     |            --CDI12--            |    GPIOB_TXN16_CDI12     |               |                      |      3.3 V       |   4A  |             |        User IO        |
|     W9     |  --CDI13-- / S100adr0_15[9].TXP |    GPIOB_TXP16_CDI13     |     Output    | 3.3 V LVTTL / LVCMOS |      3.3 V       |   4A  |             |        User IO        |
|    W10     |             --VCC--             |         VCCIO4A          |     Power     |                      |      3.3 V       |   4A  |             |      VCCIO Power      |
|    W11     |            --UNUSED--           |       GPIOB_TXP11        |               |                      |      3.3 V       |   4A  |             |        User IO        |
|    W12     |             --VCC--             |         VCCIO4B          |     Power     |                      |      3.3 V       |   4B  |             |      VCCIO Power      |
|    W13     |            --CDI20--            |    GPIOB_TXN08_CDI20     |               |                      |      3.3 V       |   4B  |             |        User IO        |
|    W14     |            --CDI28--            |    GPIOB_TXN04_CDI28     |               |                      |      3.3 V       |   4B  |             |        User IO        |
|    W15     |             --VCC--             |         VCCIO4B          |     Power     |                      |      3.3 V       |   4B  |             |      VCCIO Power      |
|    W16     | --CDI31-- / S100adr0_15[12].TXP |    GPIOB_TXP03_CDI31     |     Output    | 3.3 V LVTTL / LVCMOS |      3.3 V       |   4B  |             |        User IO        |
|    W17     |             --GND--             |           GND            |     Power     |                      |                  |       |             |         Ground        |
|    W18     |             --SS_N--            |      GPIOL_00_SS_N       |     Input     |                      |      3.3 V       |   1A  | weak pullup | User IO/Configuration |
|    W19     |             --CCK--             |       GPIOL_01_CCK       |     Input     |                      |      3.3 V       |   1A  | weak pullup | User IO/Configuration |
|    W20     |             --TCK--             |           TCK            |     Input     |                      |      3.3 V       |   1A  |             |     Configuration     |
|     Y1     |             --GND--             |           GND            |     Power     |                      |                  |       |             |         Ground        |
|     Y2     |            --UNUSED--           |        DDR_DQ[7]         |               |                      |                  |   3D  |             |                       |
|     Y3     |            --UNUSED--           |        DDR_DQ[5]         |               |                      |                  |   3D  |             |                       |
|     Y4     |            --UNUSED--           |        DDR_DQ[6]         |               |                      |                  |   3D  |             |                       |
|     Y5     |            --UNUSED--           |          DDR_ZQ          |               |                      |                  |   3D  |             |                       |
|     Y6     | --CDI17-- / S100adr0_15[15].TXP | GPIOB_TXP14_EXTFB1_CDI17 |     Output    | 3.3 V LVTTL / LVCMOS |      3.3 V       |   4A  |             |        User IO        |
|     Y7     | --CDI19-- / S100adr0_15[11].TXP |    GPIOB_TXP13_CDI19     |     Output    | 3.3 V LVTTL / LVCMOS |      3.3 V       |   4A  |             |        User IO        |
|     Y8     |            --CDI18--            |    GPIOB_TXN13_CDI18     |               |                      |      3.3 V       |   4A  |             |        User IO        |
|     Y9     |            --UNUSED--           |       GPIOB_TXN12        |               |                      |      3.3 V       |   4A  |             |        User IO        |
|    Y10     |       S100adr0_15[10].TXP       |       GPIOB_TXP12        |     Output    | 3.3 V LVTTL / LVCMOS |      3.3 V       |   4A  |             |        User IO        |
|    Y11     |        S100adr0_15[8].TXP       |     GPIOB_TXP09_CLK0     |     Output    | 3.3 V LVTTL / LVCMOS |      3.3 V       |   4B  |             |   User IO/PLL_CLKIN   |
|    Y12     |            --UNUSED--           |       GPIOB_TXN09        |               |                      |      3.3 V       |   4B  |             |   User IO/PLL_CLKIN   |
|    Y13     |  --CDI21-- / S100adr0_15[7].TXP | GPIOB_TXP08_EXTFB0_CDI21 |     Output    | 3.3 V LVTTL / LVCMOS |      3.3 V       |   4B  |             |        User IO        |
|    Y14     |  --CDI29-- / S100adr0_15[6].TXP |    GPIOB_TXP04_CDI29     |     Output    | 3.3 V LVTTL / LVCMOS |      3.3 V       |   4B  |             |        User IO        |
|    Y15     |            --UNUSED--           |       GPIOB_TXN01        |               |                      |      3.3 V       |   4B  |             |        User IO        |
|    Y16     |        S100adr0_15[5].TXP       |       GPIOB_TXP01        |     Output    | 3.3 V LVTTL / LVCMOS |      3.3 V       |   4B  |             |        User IO        |
|    Y17     |             --CDI0--            |      GPIOL_08_CDI0       |     Input     |                      |      3.3 V       |   1A  | weak pullup | User IO/Configuration |
|    Y18     |             --CDI1--            |      GPIOL_09_CDI1       |     Input     |                      |      3.3 V       |   1A  | weak pullup | User IO/Configuration |
|    Y19     |             --TDI--             |           TDI            |     Input     |                      |      3.3 V       |   1A  |             |     Configuration     |
|    Y20     |             --GND--             |           GND            |     Power     |                      |                  |       |             |         Ground        |
+------------+---------------------------------+--------------------------+---------------+----------------------+------------------+-------+-------------+-----------------------+
